node.exe : 
No linha:1 caractere:1
+ & "E:\Programas Windows/node.exe" "E:\Programas 
Windows/node_modules/ ...
+ ~~~~~~~~~~~~~~~~~~~~~~~~~~~~~~~~~~~~~~~~~~~~~~~~~~~
~~~~~~~~~~~~~~~~~~
    + CategoryInfo          : NotSpecified: (:String 
   ) [], RemoteException
    + FullyQualifiedErrorId : NativeCommandError
 
<--- Last few GCs --->

[4296:000001CB6356D000]     9023 ms: Scavenge 
(interleaved) 119.6 (184.9) -> 94.4 (192.9) MB, 
pooled: 0 MB, 28.99 / 0.00 ms  (average mu = 0.995, 
current mu = 0.995) allocation failure; 
[4296:000001CB6356D000]     9434 ms: Scavenge 
(interleaved) 129.3 (194.4) -> 117.4 (224.9) MB, 
pooled: 0 MB, 73.07 / 0.00 ms  (average mu = 0.995, 
current mu = 0.995) allocation failure; 


<--- Last few GCs --->

[4296:000001CB6356D000]     9023 ms: Scavenge 
(interleaved) 119.6 (184.9) -> 94.4 (192.9) MB, 
pooled: 0 MB, 28.99 / 0.00 ms  (average mu = 0.995, 
current mu = 0.995) allocation failure; 
[4296:000001CB6356D000]     9434 ms: Scavenge 
(interleaved) 129.3 (194.4) -> 117.4 (224.9) MB, 
pooled: 0 MB, 73.07 / 0.00 ms  (average mu = 0.995, 
current mu = 0.995) allocation failure; 


<--- Last few GCs --->

[4296:000001CB6356D000]     9023 ms: Scavenge 
(interleaved) 119.6 (184.9) -> 94.4 (192.9) MB, 
pooled: 0 MB, 28.99 / 0.00 ms  (average mu = 0.995, 
current mu = 0.995) allocation failure; 
[4296:000001CB6356D000]     9434 ms: Scavenge 
(interleaved) 129.3 (194.4) -> 117.4 (224.9) MB, 
pooled: 0 MB, 73.07 / 0.00 ms  (average mu = 0.995, 
current mu = 0.995) allocation failure; 


<--- Last few GCs --->

[4296:000001CB6356D000]     9023 ms: Scavenge 
(interleaved) 119.6 (184.9) -> 94.4 (192.9) MB, 
pooled: 0 MB, 28.99 / 0.00 ms  (average mu = 0.995, 
current mu = 0.995) allocation failure; 
[4296:000001CB6356D000]     9434 ms: Scavenge 
(interleaved) 129.3 (194.4) -> 117.4 (224.9) MB, 
pooled: 0 MB, 73.07 / 0.00 ms  (average mu = 0.995, 
current mu = 0.995) allocation failure; 


<--- Last few GCs --->

[4296:000001CB6356D000]     9023 ms: Scavenge 
(interleaved) 119.6 (184.9) -> 94.4 (192.9) MB, 
pooled: 0 MB, 28.99 / 0.00 ms  (average mu = 0.995, 
current mu = 0.995) allocation failure; 
[4296:000001CB6356D000]     9434 ms: Scavenge 
(interleaved) 129.3 (194.4) -> 117.4 (224.9) MB, 
pooled: 0 MB, 73.07 / 0.00 ms  (average mu = 0.995, 
current mu = 0.995) allocation failure; 

FATAL ERROR: Zone Allocation failed - process out of 
memory
FATAL ERROR: Zone Allocation failed - process out of 
memory
----- Native stack trace -----

FATAL ERROR: Zone Allocation failed - process out of 
memory
----- Native stack trace -----

FATAL ERROR: Zone Allocation failed - process out of 
memory
----- Native stack trace -----

----- Native stack trace -----

FATAL ERROR: Zone Allocation failed - process out of 
memory
----- Native stack trace -----

 1: 00007FF68D74C36F 
 2: 00007FF68E394D77 
 3: 00007FF68DD0FBD6 
 4: 00007FF68D8D0C12 
 5: 00007FF68F0A7205 
 6: 00007FF68F0A7C76 
 7: 00007FF68F0A4A07 
 8: 00007FF68F0A4579 
 9: 00007FF68F0A4034 
10: 00007FF68F0A348F 
11: 00007FF68F0A310E 
12: 00007FF68ED90C06 
13: 00007FF68ED87DB8 
14: 00007FF68ED872C0 
15: 00007FF68E3089AF 
16: 00007FF68E2CDA3D 
17: 00007FF68E2CD735 
18: 00007FF68EB7570F 
19: 00007FF68D69CD8E 
20: 00007FF68E3EA096 
21: 00007FF68F6492B3 
22: 00007FFC9B757344 
23: 00007FFC9C8626B1 
